// Jest Snapshot v1, https://goo.gl/fbAQLP

exports[`<HomePage /> should render my home page 1`] = `ShallowWrapper {}`;
