// Jest Snapshot v1, https://goo.gl/fbAQLP

exports[`Logo should render my Logo component 1`] = `ShallowWrapper {}`;
